{
    "_comment_" : [
        "Please do not automate the download and installation of Forge.",
        "Our efforts are supported by ads from the download page.",
        "If you MUST automate this, please consider supporting the project through https://www.patreon.com/LexManos/"
    ],
    "spec" : 0,
    "profile" : "forge",
    "version" : "1.12.2-forge-14.23.5.2847",
    "icon" : "{ICON}",
    "json" : "/version.json",
    "path" : "net.minecraftforge:forge:1.12.2-14.23.5.2847",
    "logo" : "/big_logo.png",
    "minecraft" : "1.12.2",
    "welcome" : "Welcome to the simple Forge installer.",
    "data" : { },
    "processors" : [ ],
    "libraries" : [
        {
            "name" : "net.minecraftforge:forge:1.12.2-14.23.5.2847",
            "downloads" : {
                "artifact" : {
                    "path" : "net/minecraftforge/forge/1.12.2-14.23.5.2847/forge-1.12.2-14.23.5.2847.jar",
                    "url" : "",
                    "sha1" : "c15dbf708064a9db9a9d66dd84688b9f31b6006e",
                    "size" : 4884700
                }
            }
        }
    ]
}